2017-08-01,2017-08-01,"ONE LINE EXPENSE","-0,01"
2017-08-02,2017-08-02,"PAIEMENT CB    2907 PARIS0123456/ VENDEUR SARL    CARTE 00123456","-24,79"
2017-08-07,2017-08-07,"PAIEMENT CB    0508 3,99     USD C1 - TRUC CHOSE CARTE 00123456","-3,40"
2017-08-16,2017-08-16,"RETRAIT DAB 1408 EVRY PLACE EXT.   CARTE 00123456","-40,00"
2017-08-22,2017-08-22,"PAIEMENT CB  2108 PROUT SOMETHING "" CARTE 00123456","-80,00"
2017-08-23,2017-08-23,"PAIEMENT CB  2108 REPROUT SECOND LINE CARTE *00123456","-3,00"
2017-08-28,2017-08-28,"PAIEMENT CB   1908 MONTROUGE APOSTROPHE'      CARTE 00123456","-30,71"
2017-08-30,2017-08-30,"PAIEMENT CB   2808 LAST BUT NO LEAST  CARTE 00123456","-50,05"
