2017-07-03,2017-07-03,"PAIEMENT CB    2806 IVRY ESCROC      CARTE 00123456","-52,92"
2017-07-03,2017-07-03,"ONE LINE EXPENSE","-1,00"
2017-07-10,2017-07-10,"PAIEMENT PSC 0807 EVRY BOUTIQUE      CARTE 00123456","-10,99"
2017-07-12,2017-07-12,"TWO LINE EXPENSE LINE TWO     CARTE 00123456","-50,00"
2017-07-10,2017-07-01,"EXPENSE WITHOUT AMOUNT","0"
2017-07-25,2017-07-25,"INCOMING FUNDS PROUT","222,22"
