2017-02-02,2017-02-02,"CHEQUE 9876543 T012-3456-78910","-52,50"
2017-02-02,2017-02-02,"VIR ULYSSES TECHNOLOGIES (PT)","33,94"
2017-02-02,2017-02-02,"VIR ULYSSES TECHNOLOGIES (PT)","591,31"
2017-02-06,2017-02-06,"VIR SEPA P1234567","-5.001,00"
2017-02-06,2017-02-06,"PAIEMENT CB      0204 MONTREUIL NATURALIA        CARTE 00123456","-66,91"
2017-02-08,2017-02-08,"PRLV SEPA I. LIKE. TO. WALK ABC : AB12YYY001234 DEF : GGAB12YYY0012345678910111213F1415161","-935,00"
2017-02-08,2017-02-08,"PAIEMENT CB      0701 BAGNOLET ABCD             CARTE 00123456","-73,00"
2017-02-10,2017-02-01,"F RETRO CP.GLOBAL","2,30"
2016-12-27,2017-02-13,"EXPENSE ON TWO LINES LINE TWO","-20,00"
2017-01-02,2017-02-13,"PROUT PROUT","-8,00"
2017-02-14,2017-02-14,"PAIEMENT CB      1234 MONTREUIL PHARMACIE ABCDE        CARTE 00123456","-10,66"
2017-02-24,2017-02-24,"INCOMING FUNDS FUNDS LINE 2          /J01C23456789101","1.234,56"
