2017-06-01,2017-06-01,"ONE LINE EXPENSE","-123,45"
2017-06-05,2017-06-05,"TWO LINE EXPENSE PLACE CARTE 00123456","-50,00"
2017-06-23,2017-06-23,"REFUND PROUT","2,46"
2017-06-27,2017-06-27,"PAIEMENT PSC 2506  NEUILLY SELLER    CARTE 00123456","-2,94"
