2017-05-02,2017-05-02,"RETRAIT DAB 2704 PLACE","-50,00"
2017-05-04,2017-05-04,"PAIEMENT CB    0305 12345678910 MERCHANT       CARTE 00123456","-244,00"
2017-05-05,2017-05-05,"ONE LINE EXPENSE","-695,52"
2017-05-24,2017-05-24,"INCOMING FUNDS REASON      /A01B23456789101","1.234,56"
2017-05-31,2017-05-31,"PAIEMENT PSC 2905 NICE MARCHAND         CARTE 00123456","-1,10"
