2017-04-03,2017-04-03,"VIR SEPA PROUT","-500,00"
2017-04-03,2017-04-03,"PAIEMENT CB      3103 BOBIGNY PHARMACIE ABCDE    CARTE 00123456","-23,56"
2017-04-03,2017-04-03,"PAIEMENT CB      0104 ROSNY NATURALIA        CARTE 00123456","-39,51"
2017-04-03,2017-04-03,"PAIEMENT CB      3003 POISSY O SELLER        CARTE 00123456","-46,00"
2017-04-06,2017-04-06,"PAIEMENT CB      0504 TORCY CARREFOUR        CARTE 00123456","-6,76"
2017-04-10,2017-04-10,"FRAIS PAIE CB OP 76,00        USD","-0,23"
2017-04-19,2017-04-19,"PAIEMENT PSC 1504      CANNES PROUT DISTR        CARTE 00123456","-10,21"
2017-04-24,2017-04-24,"PAIEMENT PSC 2104      BUSSY SAINT GEORGES       CARTE 00123456","-5,59"
2017-04-25,2017-04-25,"INCOMING FUNDS REASON         /A01B23456789101","1.234,56"
2017-04-25,2017-04-25,"VIR ULYSSES TECHNOLOGIES (PT)","320,10"
