2017-09-01,2017-09-01,"PROUT","-5,52"
2017-09-07,2017-09-07,"TRANSFER","-1.000,00"
2017-09-15,2017-09-15,"INCOMING FUNDS LINE TWO","1,00"
2017-09-21,2017-09-21,"TWO LINE EXPENSE NATURALIA          CARTE 00123456","-10,23"
