2017-03-01,2017-03-01,"RETRAIT DAB 2702 LCL PARIS ABCD LCL LE CREDIT LY CARTE 00123456","-50,00"
2017-03-01,2017-03-01,"PAIEMENT PSC 2802 MONTREUIL PHARMACIE ABCDE        CARTE 00123456","-11,28"
2017-03-02,2017-03-02,"VIR SEPA PROUT PROUT","-500,00"
2017-03-03,2017-03-03,"PAIEMENT CB      0203 MONTREUIL BOUTIQUE CARTE 00123456","-12,40"
2017-03-07,2017-03-07,"PAIEMENT PSC 0503      MONTREUIL SELLER NAME        CARTE 00123456","-6,95"
2017-03-08,2017-03-01,"PAIN IN THE ASS EXPENSE","-9,70"
2017-03-16,2017-03-16,"PAIEMENT PSC 1403 MONTREUIL OTHER SELLER CARTE 00123456","-0,60"
2017-03-22,2017-03-22,"RETRAIT DAB 2003       PLACE DAB PLACE CARTE 00123456","-50,00"
2017-03-24,2017-03-24,"INCOMING      FUNDS REASON         /A01B23456789101","1.245,67"
2017-03-27,2017-03-27,"PAIEMENT CB     2603 PLACE MERCHANT  CARTE 00123456","-13,00"
2017-03-27,2017-03-27,"PAIEMENT CB     2603 TRIFFOUILLY COCO MARCHANT  CARTE 00123456","-17,59"
2017-03-31,2017-03-31,"PAIEMENT CB     2803 PERPETTE ESCROC     CARTE 00123456","-41,65"
