2016-06-28,2016-06-28,-700.00,PRELEVEMENT,123.00
2016-07-05,2016-07-05,40.00,VIREMENT RECU,123.00
2016-07-05,2016-07-05,-1.15,PAYPAL COMMERCE ELECTRONIQUE,123.00
