22/11/2014,5.00 USD,Misc Debit E-SERVICE FROM SIN DOE JOHN,-5.00,22/11/2014,123.45
22/11/2014,99.99 USD,"Purchase-POS Purchase-POS/PAYPAL *LINKEDIN, 35314369001, GB/Orig. auth. amount:USD99.99/Orig. clear. amount:USD99.99/Txn. time:20.11.2014 00:00:00/9876 54xx xxxx 3210/TWO ID:20941479/Doc.No:8756302-VISA-21NOV2014",-99.99,22/11/2014,123.45
