18/12/2014,38.56 USD,"Purchase-POS Purchase-POS/AMAZON EU SARL 2090401, PARIS2090401/, FR/Orig. auth. amount:EUR30.07/Orig. clear. amount:EUR30.07/Txn. time:13.12.2014 00:00:00/9876 54xx xxxx 3210/TWO ID:21844410/Doc.No:9125067-VISA-17DEC2014",-38.56,18/12/2014,123.45
20/12/2014,196.22 USD,"Purchase-POS Purchase-POS/AMAZON EU SARL 2090401, PARIS2090401/, FR/Orig. auth. amount:EUR155.72/Orig. clear. amount:EUR155.72/Txn. time:16.12.2014 00:00:00/9876 54xx xxxx 3210/TWO ID:21933825/Doc.No:9152470-VISA-19DEC2014",-196.22,20/12/2014,123.45
02/01/2015,5.18 USD,"Card Annual Fee ANNUAL FEE-VISA DEBIT GOLD, valid till 31DEC2015/9876 54xx xxxx 3210/DOE JOHN/Doc.No:9342554-VISA-01JAN2015",-5.18,02/01/2015,123.45
12/01/2015,99.99 USD,"Purchase-POS Purchase-POS/PAYPAL *LINKEDIN, 35314369001, GB/Orig. auth. amount:USD99.99/Orig. clear. amount:USD99.99/Txn. time:10.01.2015 00:00:00/9876 54xx xxxx 3210/TWO ID:22886116/Doc.No:9487832-VISA-11JAN2015",-99.99,12/01/2015,123.45
