19/01/2015,19.82 USD,"Card Annual Fee ANNUAL FEE-VISA DEBIT GOLD, valid till 31DEC2015/9876 54xx xxxx 3210/DOE JOHN/Doc.No:9342554-VISA-01JAN2015",-19.82,19/01/2015,123.45
22/01/2015,99.99 USD,"Purchase-POS Purchase-POS/PAYPAL *LINKEDIN, 35314369001, GB/Orig. auth. amount:USD99.99/Orig. clear. amount:USD99.99/Txn. time:20.01.2015 00:00:00/9876 54xx xxxx 3210/TWO ID:23257607/Doc.No:9634341-VISA-21JAN2015",-99.99,22/01/2015,123.45
30/01/2015,25.00 USD,"Purchase-POS Purchase-POS/SKYPE COMMUNICATIO, LUXEMBOURG, LU/Orig. auth. amount:USD25/Orig. clear. amount:USD25/Txn. time:26.03.2013 00:00:00/9876 54xx xxxx 3210/DOE JOHN/TWO ID:5774399/Doc.No:3281113-VISA-01APR2013",-25.00,30/01/2015,123.45
09/02/2015,25.00 USD,"Purchase-POS Purchase-POS/SKYPE SUBSCRIPTION, LUXEMBOURG, LU/Orig. auth. amount:USD25/Orig. clear. amount:USD25/Txn. time:04.02.2015 00:00:00/9876 54xx xxxx 3210/TWO ID:23941428/APV:725482/Doc.No:9928964-VISA-08FEB2015",-25.00,09/02/2015,123.45
