20/09/2014,5.00 USD,Misc Debit E-SERVICE FROM SIN DOE JOHN,-5.00,20/09/2014,123.45
25/09/2014,25.00 USD,"Purchase-POS Purchase-POS/SKYPE COMMUNICATIO, LUXEMBOURG, LU/Orig. auth. amount:USD25/Orig. clear. amount:USD25/Txn. time:17.09.2014 00:00:00/9876 54xx xxxx 3210/TWO ID:18770105/Doc.No:8035854-VISA-24SEP2014",-25.00,25/09/2014,123.45
