20/10/2014,25.00 USD,"Purchase-POS Purchase-POS/SKYPE COMMUNICATIO, LUXEMBOURG, LU/Orig. auth. amount:USD25/Orig. clear. amount:USD25/Txn. time:15.10.2014 00:00:00/9876 54xx xxxx 3210/TWO ID:19698579/Doc.No:8333687-VISA-19OCT2014",-25.00,20/10/2014,123.45
21/10/2014,5.00 USD,Misc Debit E-SERVICE FROM SIN DOE JOHN,-5.00,21/10/2014,123.45
27/10/2014,25.00 USD,"Purchase-POS Purchase-POS/SKYPE COMMUNICATIO, LUXEMBOURG, LU/Orig. auth. amount:USD25/Orig. clear. amount:USD25/Txn. time:21.10.2014 00:00:00/9876 54xx xxxx 3210/TWO ID:19862175/Doc.No:8421009-VISA-26OCT2014",-25.00,27/10/2014,123.45
28/10/2014,25.00 USD,"Purchase-POS Purchase-POS/SKYPE COMMUNICATIO, LUXEMBOURG, LU/Orig. auth. amount:USD25/Orig. clear. amount:USD25/Txn. time:23.10.2014 00:00:00/9876 54xx xxxx 3210/TWO ID:19944780/Doc.No:8437289-VISA-27OCT2014",-25.00,28/10/2014,123.45
03/11/2014,25.00 USD,"Purchase-POS Purchase-POS/SKYPE COMMUNICATIO, LUXEMBOURG, LU/Orig. auth. amount:USD25/Orig. clear. amount:USD25/Txn. time:29.10.2014 00:00:00/9876 54xx xxxx 3210/TWO ID:20182961/Doc.No:8521038-VISA-02NOV2014",-25.00,03/11/2014,123.45
