24/07/2014,5.00 USD,Misc Debit E-SERVICE FROM SIN DOE JOHN,-5.00,24/07/2014,123.45
12/08/2014,43.90 USD,"Purchase-POS Purchase-POS/RISI 2455044, CHILLY MAZAR, FR/Orig. auth. amount:EUR32.04/Orig. clear. amount:EUR32.04/Txn. time:10.08.2014 00:00:00/9876 54xx xxxx 3210/DOE JOHN/TWO ID:17604968/Doc.No:7546126-VISA-11AUG2014",-43.90,12/08/2014,123.45
