19/08/2014,25.00 USD,"Purchase-POS Purchase-POS/SKYPE COMMUNICATIO, LUXEMBOURG, LU/Orig. auth. amount:USD25/Orig. clear. amount:USD25/Txn. time:14.08.2014 00:00:00/9876 54xx xxxx 3210/DOE JOHN/TWO ID:17735498/Doc.No:7617953-VISA-18AUG2014",-25.00,19/08/2014,123.45
20/08/2014,25.00 USD,"Purchase-POS Purchase-POS/SKYPE COMMUNICATIO, LUXEMBOURG, LU/Orig. auth. amount:USD25/Orig. clear. amount:USD25/Txn. time:15.08.2014 00:00:00/9876 54xx xxxx 3210/DOE JOHN/TWO ID:17763836/Doc.No:7628659-VISA-19AUG2014",-25.00,20/08/2014,123.45
22/08/2014,66.22 USD,"Purchase-POS Purchase-POS/AMAZON EU SARL 2090401, PARIS2090401/, FR/Orig. auth. amount:EUR48.72/Orig. clear. amount:EUR48.72/Txn. time:20.08.2014 00:00:00/9876 54xx xxxx 3210/DOE JOHN/TWO ID:17881958/Doc.No:7647906-VISA-21AUG2014",-66.22,22/08/2014,123.45
22/08/2014,5.00 USD,Misc Debit E-SERVICE FROM SIN DOE JOHN,-5.00,22/08/2014,123.45
09/09/2014,25.00 USD,"Card Annual Fee ANNUAL FEE-VISA DEBIT GOLD, valid till 31DEC2014/9876 54xx xxxx 3210/DOE JOHN/Doc.No:7822416-VISA-31DEC2013",-25.00,09/09/2014,123.45
09/09/2014,25.00 USD,"Card Annual Fee ANNUAL FEE-VISA DEBIT GOLD, valid till 31DEC2013/9876 54xx xxxx 3210/DOE JOHN/Doc.No:7819892-VISA-31DEC2012",-25.00,09/09/2014,123.45
