09/01/2015,FRAIS VIR INTL REC,"FRAIS VIR INTL RECU        007R61016 REF 0074101 1 VIREMENT(S)          POUR  16,50 1 COMMISSION DE CHANGE POUR 14,00 ","-30,50",EUR
30/12/2014,CARTE X1234 25/12 ,"CARTE X1234 25/12 SKYPE COMMUNICATIO 10,00 USD LUXEMBOURG 1 EUR=1,2165 USD COMMERCE ELECTRONIQUE ","-8,22",EUR
19/12/2014,CARTE X1234 18/12 ,CARTE X1234 18/12 V.L    ,"-29,05",EUR
19/12/2014,COTISATION JAZZ,COTISATION JAZZ    ,"-15,70",EUR
17/12/2014,OPTION INTERNAT.N2,OPTION INTERNAT.N2    ,"-11,00",EUR
