13/02/2015,FRAIS VIR INTL REC,"FRAIS VIR INTL RECU        042R66319 REF 0425621 1 VIREMENT(S)          POUR  16,50 1 COMMISSION DE CHANGE POUR 14,00 ","-30,50",EUR
02/02/2015,CARTE X1234 28/01 ,"CARTE X1234 28/01 SKYPE SUBSCRIPTION 10,00 USD LUXEMBOURG 1 EUR=1,1274 USD COMMERCE ELECTRONIQUE ","-8,87",EUR
27/01/2015,CARTE X1234 24/01 ,CARTE X1234 24/01 SAINT AUBIN    ,"-14,80",EUR
23/01/2015,CARTE X1234 22/01 ,CARTE X1234 22/01 OSAKA    ,"-42,00",EUR
21/01/2015,COTISATION JAZZ,COTISATION JAZZ    ,"-15,70",EUR
20/01/2015,CARTE X1234 19/01 ,CARTE X1234 19/01 DOCLOGIC    ,"-8,63",EUR
17/01/2015,OPTION INTERNAT.N2,OPTION INTERNAT.N2    ,"-11,00",EUR
